Name:        pipeline
Namespace:   ns

Resources

 No resources

Params

 No params

Results

 No results

Tasks

 No tasks

PipelineRuns

 No pipelineruns
